Collecting pandas
  Using cached pandas-3.0.6-cp312-cp312-manylinux_2_24_aarch64.manylinux_2_28_aarch64.whl.metadata (79 kB)
Collecting psutil
  Using cached psutil-7.2.2-cp36-abi3-manylinux2014_aarch64.manylinux_2_17_aarch64.manylinux_2_28_aarch64.whl.metadata (22 kB)
Collecting tabulate
  Using cached tabulate-0.10.0-py3-none-any.whl.metadata (40 kB)
Collecting dill
  Using cached dill-0.4.1-py3-none-any.whl.metadata (10 kB)
Collecting jsonpickle
  Downloading jsonpickle-4.1.2-py3-none-any.whl.metadata (8.1 kB)
Collecting aiohttp
  Using cached aiohttp-3.14.3-cp312-cp312-manylinux2014_aarch64.manylinux_2_17_aarch64.manylinux_2_28_aarch64.whl.metadata (8.3 kB)
Collecting transformers
  Using cached transformers-5.17.0-py3-none-any.whl.metadata (32 kB)
Collecting nvidia-ml-py
  Using cached nvidia_ml_py-13.615.71-py3-none-any.whl.metadata (9.7 kB)
Collecting numpy
  Using cached numpy-2.5.3-cp312-cp312-manylinux_2_27_aarch64.manylinux_2_28_aarch64.whl.metadata (6.6 kB)
Collecting scipy
  Using cached scipy-1.18.1-cp312-cp312-manylinux_2_27_aarch64.manylinux_2_28_aarch64.whl.metadata (62 kB)
Collecting pyarrow
  Using cached pyarrow-25.0.1-cp312-cp312-manylinux_2_28_aarch64.whl.metadata (3.0 kB)
Collecting python-dateutil>=2.8.2 (from pandas)
  Using cached python_dateutil-2.9.0.post0-py2.py3-none-any.whl.metadata (8.4 kB)
Collecting aiohappyeyeballs>=2.5.0 (from aiohttp)
  Using cached aiohappyeyeballs-2.7.1-py3-none-any.whl.metadata (5.9 kB)
Collecting aiosignal>=1.4.0 (from aiohttp)
  Using cached aiosignal-1.4.0-py3-none-any.whl.metadata (3.7 kB)
Collecting attrs>=17.3.0 (from aiohttp)
  Using cached attrs-26.1.0-py3-none-any.whl.metadata (8.8 kB)
Collecting frozenlist>=1.1.1 (from aiohttp)
  Using cached frozenlist-1.8.0-cp312-cp312-manylinux2014_aarch64.manylinux_2_17_aarch64.manylinux_2_28_aarch64.whl.metadata (20 kB)
Collecting multidict<7.0,>=4.5 (from aiohttp)
  Using cached multidict-6.9.1-cp312-cp312-manylinux2014_aarch64.manylinux_2_17_aarch64.manylinux_2_28_aarch64.whl.metadata (5.3 kB)
Collecting propcache>=0.2.0 (from aiohttp)
  Using cached propcache-0.5.4-cp312-cp312-manylinux2014_aarch64.manylinux_2_17_aarch64.manylinux_2_28_aarch64.whl.metadata (25 kB)
Collecting typing_extensions>=4.4 (from aiohttp)
  Using cached typing_extensions-4.16.0-py3-none-any.whl.metadata (3.3 kB)
Collecting yarl<2.0,>=1.17.0 (from aiohttp)
  Using cached yarl-1.25.1-cp312-cp312-manylinux2014_aarch64.manylinux_2_17_aarch64.manylinux_2_28_aarch64.whl.metadata (111 kB)
Collecting idna>=2.0 (from yarl<2.0,>=1.17.0->aiohttp)
  Using cached idna-3.20-py3-none-any.whl.metadata (7.2 kB)
Collecting huggingface-hub<2.0,>=1.5.0 (from transformers)
  Using cached huggingface_hub-1.33.0-py3-none-any.whl.metadata (16 kB)
Collecting packaging>=20.0 (from transformers)
  Using cached packaging-26.3-py3-none-any.whl.metadata (3.5 kB)
Collecting pyyaml>=5.1 (from transformers)
  Using cached pyyaml-6.0.3-cp312-cp312-manylinux2014_aarch64.manylinux_2_17_aarch64.manylinux_2_28_aarch64.whl.metadata (2.4 kB)
Collecting regex>=2025.10.22 (from transformers)
  Using cached regex-2026.9.10-cp312-cp312-manylinux2014_aarch64.manylinux_2_17_aarch64.manylinux_2_28_aarch64.whl.metadata (40 kB)
Collecting tokenizers<0.24.0,>=0.23.1 (from transformers)
  Using cached tokenizers-0.23.2-cp310-abi3-manylinux_2_17_aarch64.manylinux2014_aarch64.whl.metadata (9.8 kB)
Collecting typer (from transformers)
  Using cached typer-0.27.2-py3-none-any.whl.metadata (16 kB)
Collecting safetensors>=0.8.0 (from transformers)
  Using cached safetensors-0.8.0-cp310-abi3-manylinux_2_17_aarch64.manylinux2014_aarch64.whl.metadata (4.2 kB)
Collecting tqdm>=4.60 (from transformers)
  Using cached tqdm-4.70.1-py3-none-any.whl.metadata (57 kB)
Collecting click<9.0.0,>=8.4.2 (from huggingface-hub<2.0,>=1.5.0->transformers)
  Using cached click-8.5.0-py3-none-any.whl.metadata (2.6 kB)
Collecting filelock>=3.10.0 (from huggingface-hub<2.0,>=1.5.0->transformers)
  Using cached filelock-4.0.4-py3-none-any.whl.metadata (2.0 kB)
Collecting fsspec>=2023.5.0 (from huggingface-hub<2.0,>=1.5.0->transformers)
  Using cached fsspec-2026.9.0-py3-none-any.whl.metadata (10 kB)
Collecting hf-xet<2.0.0,>=1.6.0 (from huggingface-hub<2.0,>=1.5.0->transformers)
  Using cached hf_xet-1.6.0-cp38-abi3-manylinux_2_28_aarch64.whl.metadata (4.9 kB)
Collecting httpx<1,>=0.23.0 (from huggingface-hub<2.0,>=1.5.0->transformers)
  Using cached httpx-0.28.1-py3-none-any.whl.metadata (7.1 kB)
Collecting anyio (from httpx<1,>=0.23.0->huggingface-hub<2.0,>=1.5.0->transformers)
  Using cached anyio-4.15.1-py3-none-any.whl.metadata (4.7 kB)
Collecting certifi (from httpx<1,>=0.23.0->huggingface-hub<2.0,>=1.5.0->transformers)
  Using cached certifi-2026.7.22-py3-none-any.whl.metadata (2.5 kB)
Collecting httpcore==1.* (from httpx<1,>=0.23.0->huggingface-hub<2.0,>=1.5.0->transformers)
  Using cached httpcore-1.0.9-py3-none-any.whl.metadata (21 kB)
Collecting h11>=0.16 (from httpcore==1.*->httpx<1,>=0.23.0->huggingface-hub<2.0,>=1.5.0->transformers)
  Using cached h11-0.16.0-py3-none-any.whl.metadata (8.3 kB)
Collecting six>=1.5 (from python-dateutil>=2.8.2->pandas)
  Using cached six-1.17.0-py2.py3-none-any.whl.metadata (1.7 kB)
Collecting shellingham>=1.3.0 (from typer->transformers)
  Using cached shellingham-1.5.4-py2.py3-none-any.whl.metadata (3.5 kB)
Collecting rich>=13.8.0 (from typer->transformers)
  Using cached rich-15.0.0-py3-none-any.whl.metadata (18 kB)
Collecting annotated-doc>=0.0.2 (from typer->transformers)
  Using cached annotated_doc-0.0.5-py3-none-any.whl.metadata (6.5 kB)
Collecting markdown-it-py>=2.2.0 (from rich>=13.8.0->typer->transformers)
  Using cached markdown_it_py-4.2.0-py3-none-any.whl.metadata (7.4 kB)
Collecting pygments<3.0.0,>=2.13.0 (from rich>=13.8.0->typer->transformers)
  Using cached pygments-2.21.0-py3-none-any.whl.metadata (2.5 kB)
Collecting mdurl~=0.1 (from markdown-it-py>=2.2.0->rich>=13.8.0->typer->transformers)
  Using cached mdurl-0.1.2-py3-none-any.whl.metadata (1.6 kB)
Using cached pandas-3.0.6-cp312-cp312-manylinux_2_24_aarch64.manylinux_2_28_aarch64.whl (10.3 MB)
Using cached psutil-7.2.2-cp36-abi3-manylinux2014_aarch64.manylinux_2_17_aarch64.manylinux_2_28_aarch64.whl (156 kB)
Using cached tabulate-0.10.0-py3-none-any.whl (39 kB)
Using cached dill-0.4.1-py3-none-any.whl (120 kB)
Downloading jsonpickle-4.1.2-py3-none-any.whl (47 kB)
Using cached aiohttp-3.14.3-cp312-cp312-manylinux2014_aarch64.manylinux_2_17_aarch64.manylinux_2_28_aarch64.whl (1.8 MB)
Using cached multidict-6.9.1-cp312-cp312-manylinux2014_aarch64.manylinux_2_17_aarch64.manylinux_2_28_aarch64.whl (334 kB)
Using cached yarl-1.25.1-cp312-cp312-manylinux2014_aarch64.manylinux_2_17_aarch64.manylinux_2_28_aarch64.whl (115 kB)
Using cached transformers-5.17.0-py3-none-any.whl (12.3 MB)
Using cached huggingface_hub-1.33.0-py3-none-any.whl (846 kB)
Using cached click-8.5.0-py3-none-any.whl (125 kB)
Using cached hf_xet-1.6.0-cp38-abi3-manylinux_2_28_aarch64.whl (4.3 MB)
Using cached httpx-0.28.1-py3-none-any.whl (73 kB)
Using cached httpcore-1.0.9-py3-none-any.whl (78 kB)
Using cached tokenizers-0.23.2-cp310-abi3-manylinux_2_17_aarch64.manylinux2014_aarch64.whl (3.5 MB)
Using cached nvidia_ml_py-13.615.71-py3-none-any.whl (58 kB)
Downloading numpy-2.5.3-cp312-cp312-manylinux_2_27_aarch64.manylinux_2_28_aarch64.whl (15.7 MB)
   ━━━━━━━━━━━━━━━━━━━━━━━━━━━━━━━━━━━━━━━━ 15.7/15.7 MB 19.8 MB/s  0:00:00
Using cached scipy-1.18.1-cp312-cp312-manylinux_2_27_aarch64.manylinux_2_28_aarch64.whl (34.0 MB)
Using cached pyarrow-25.0.1-cp312-cp312-manylinux_2_28_aarch64.whl (46.8 MB)
Using cached aiohappyeyeballs-2.7.1-py3-none-any.whl (15 kB)
Using cached aiosignal-1.4.0-py3-none-any.whl (7.5 kB)
Using cached attrs-26.1.0-py3-none-any.whl (67 kB)
Using cached filelock-4.0.4-py3-none-any.whl (108 kB)
Using cached frozenlist-1.8.0-cp312-cp312-manylinux2014_aarch64.manylinux_2_17_aarch64.manylinux_2_28_aarch64.whl (243 kB)
Using cached fsspec-2026.9.0-py3-none-any.whl (221 kB)
Using cached h11-0.16.0-py3-none-any.whl (37 kB)
Using cached idna-3.20-py3-none-any.whl (69 kB)
Using cached packaging-26.3-py3-none-any.whl (129 kB)
Using cached propcache-0.5.4-cp312-cp312-manylinux2014_aarch64.manylinux_2_17_aarch64.manylinux_2_28_aarch64.whl (251 kB)
Using cached python_dateutil-2.9.0.post0-py2.py3-none-any.whl (229 kB)
Using cached pyyaml-6.0.3-cp312-cp312-manylinux2014_aarch64.manylinux_2_17_aarch64.manylinux_2_28_aarch64.whl (775 kB)
Using cached regex-2026.9.10-cp312-cp312-manylinux2014_aarch64.manylinux_2_17_aarch64.manylinux_2_28_aarch64.whl (800 kB)
Using cached safetensors-0.8.0-cp310-abi3-manylinux_2_17_aarch64.manylinux2014_aarch64.whl (502 kB)
Using cached six-1.17.0-py2.py3-none-any.whl (11 kB)
Using cached tqdm-4.70.1-py3-none-any.whl (80 kB)
Using cached typing_extensions-4.16.0-py3-none-any.whl (45 kB)
Using cached anyio-4.15.1-py3-none-any.whl (132 kB)
Using cached certifi-2026.7.22-py3-none-any.whl (136 kB)
Using cached typer-0.27.2-py3-none-any.whl (123 kB)
Using cached annotated_doc-0.0.5-py3-none-any.whl (5.3 kB)
Using cached rich-15.0.0-py3-none-any.whl (310 kB)
Using cached pygments-2.21.0-py3-none-any.whl (1.3 MB)
Using cached markdown_it_py-4.2.0-py3-none-any.whl (91 kB)
Using cached mdurl-0.1.2-py3-none-any.whl (10.0 kB)
Using cached shellingham-1.5.4-py2.py3-none-any.whl (9.8 kB)
Installing collected packages: nvidia-ml-py, typing_extensions, tqdm, tabulate, six, shellingham, safetensors, regex, pyyaml, pygments, pyarrow, psutil, propcache, packaging, numpy, multidict, mdurl, jsonpickle, idna, hf-xet, h11, fsspec, frozenlist, filelock, dill, click, certifi, attrs, annotated-doc, aiohappyeyeballs, yarl, scipy, python-dateutil, markdown-it-py, httpcore, anyio, aiosignal, rich, pandas, httpx, aiohttp, typer, huggingface-hub, tokenizers, transformers

Successfully installed aiohappyeyeballs-2.7.1 aiohttp-3.14.3 aiosignal-1.4.0 annotated-doc-0.0.5 anyio-4.15.1 attrs-26.1.0 certifi-2026.7.22 click-8.5.0 dill-0.4.1 filelock-4.0.4 frozenlist-1.8.0 fsspec-2026.9.0 h11-0.16.0 hf-xet-1.6.0 httpcore-1.0.9 httpx-0.28.1 huggingface-hub-1.33.0 idna-3.20 jsonpickle-4.1.2 markdown-it-py-4.2.0 mdurl-0.1.2 multidict-6.9.1 numpy-2.5.3 nvidia-ml-py-13.615.71 packaging-26.3 pandas-3.0.6 propcache-0.5.4 psutil-7.2.2 pyarrow-25.0.1 pygments-2.21.0 python-dateutil-2.9.0.post0 pyyaml-6.0.3 regex-2026.9.10 rich-15.0.0 safetensors-0.8.0 scipy-1.18.1 shellingham-1.5.4 six-1.17.0 tabulate-0.10.0 tokenizers-0.23.2 tqdm-4.70.1 transformers-5.17.0 typer-0.27.2 typing_extensions-4.16.0 yarl-1.25.1
RUNNER_INSTALL_OK
